Archive member included because of file (symbol)

c:/winavr-20080512/bin/../lib/gcc/avr/4.3.0/avr5\libgcc.a(_mulsi3.o)
                              obj\Debug\commons\SoftwareDelay\softwareDelay.o (__mulsi3)
c:/winavr-20080512/bin/../lib/gcc/avr/4.3.0/avr5\libgcc.a(_divmodhi4.o)
                              obj\Debug\MCAL\DIO\DIO.o (__divmodhi4)
c:/winavr-20080512/bin/../lib/gcc/avr/4.3.0/avr5\libgcc.a(_udivmodsi4.o)
                              obj\Debug\MCAL\UART\UART.o (__udivmodsi4)
c:/winavr-20080512/bin/../lib/gcc/avr/4.3.0/avr5\libgcc.a(_exit.o)
                              c:/winavr-20080512/bin/../lib/gcc/avr/4.3.0/../../../../avr/lib/avr5/crtm32.o (exit)
c:/winavr-20080512/bin/../lib/gcc/avr/4.3.0/avr5\libgcc.a(_copy_data.o)
                              obj\Debug\APP\StateMachine\StateMachine.o (__do_copy_data)
c:/winavr-20080512/bin/../lib/gcc/avr/4.3.0/avr5\libgcc.a(_clear_bss.o)
                              obj\Debug\APP\StateMachine\StateMachine.o (__do_clear_bss)
c:/winavr-20080512/bin/../lib/gcc/avr/4.3.0/avr5\libgcc.a(_udivmodhi4.o)
                              c:/winavr-20080512/bin/../lib/gcc/avr/4.3.0/avr5\libgcc.a(_divmodhi4.o) (__udivmodhi4)

Memory Configuration

Name             Origin             Length             Attributes
text             0x00000000         0x00020000         xr
data             0x00800060         0x0000ffa0         rw !x
eeprom           0x00810000         0x00010000         rw !x
fuse             0x00820000         0x00000400         rw !x
lock             0x00830000         0x00000400         rw !x
signature        0x00840000         0x00000400         rw !x
*default*        0x00000000         0xffffffff

Linker script and memory map

LOAD c:/winavr-20080512/bin/../lib/gcc/avr/4.3.0/../../../../avr/lib/avr5/crtm32.o
LOAD obj\Debug\APP\StateMachine\StateMachine.o
LOAD obj\Debug\commons\SoftwareDelay\softwareDelay.o
LOAD obj\Debug\ECUAL\PUSH_BUTTON\BTN.o
LOAD obj\Debug\fuse.o
LOAD obj\Debug\main.o
LOAD obj\Debug\MCAL\DIO\DIO.o
LOAD obj\Debug\MCAL\External interrupt\ExternalInterrupt.o
LOAD obj\Debug\MCAL\SPI\SPI.o
LOAD obj\Debug\MCAL\Timers\Timer.o
LOAD obj\Debug\MCAL\UART\UART.o
LOAD c:/winavr-20080512/bin/../lib/gcc/avr/4.3.0/avr5\libgcc.a
LOAD c:/winavr-20080512/bin/../lib/gcc/avr/4.3.0/../../../../avr/lib/avr5\libm.a
LOAD c:/winavr-20080512/bin/../lib/gcc/avr/4.3.0/avr5\libgcc.a
LOAD c:/winavr-20080512/bin/../lib/gcc/avr/4.3.0/../../../../avr/lib/avr5\libc.a
LOAD c:/winavr-20080512/bin/../lib/gcc/avr/4.3.0/avr5\libgcc.a

.hash
 *(.hash)

.dynsym
 *(.dynsym)

.dynstr
 *(.dynstr)

.gnu.version
 *(.gnu.version)

.gnu.version_d
 *(.gnu.version_d)

.gnu.version_r
 *(.gnu.version_r)

.rel.init
 *(.rel.init)

.rela.init
 *(.rela.init)

.rel.text
 *(.rel.text)
 *(.rel.text.*)
 *(.rel.gnu.linkonce.t*)

.rela.text
 *(.rela.text)
 *(.rela.text.*)
 *(.rela.gnu.linkonce.t*)

.rel.fini
 *(.rel.fini)

.rela.fini
 *(.rela.fini)

.rel.rodata
 *(.rel.rodata)
 *(.rel.rodata.*)
 *(.rel.gnu.linkonce.r*)

.rela.rodata
 *(.rela.rodata)
 *(.rela.rodata.*)
 *(.rela.gnu.linkonce.r*)

.rel.data
 *(.rel.data)
 *(.rel.data.*)
 *(.rel.gnu.linkonce.d*)

.rela.data
 *(.rela.data)
 *(.rela.data.*)
 *(.rela.gnu.linkonce.d*)

.rel.ctors
 *(.rel.ctors)

.rela.ctors
 *(.rela.ctors)

.rel.dtors
 *(.rel.dtors)

.rela.dtors
 *(.rela.dtors)

.rel.got
 *(.rel.got)

.rela.got
 *(.rela.got)

.rel.bss
 *(.rel.bss)

.rela.bss
 *(.rela.bss)

.rel.plt
 *(.rel.plt)

.rela.plt
 *(.rela.plt)

.text           0x00000000     0x2b6a
 *(.vectors)
 .vectors       0x00000000       0x54 c:/winavr-20080512/bin/../lib/gcc/avr/4.3.0/../../../../avr/lib/avr5/crtm32.o
                0x00000000                __vectors
                0x00000000                __vector_default
 *(.vectors)
 *(.progmem.gcc*)
 *(.progmem*)
                0x00000054                . = ALIGN (0x2)
                0x00000054                __trampolines_start = .
 *(.trampolines)
 .trampolines   0x00000054        0x0 linker stubs
 *(.trampolines*)
                0x00000054                __trampolines_end = .
 *(.jumptables)
 *(.jumptables*)
 *(.lowtext)
 *(.lowtext*)
                0x00000054                __ctors_start = .
 *(.ctors)
                0x00000054                __ctors_end = .
                0x00000054                __dtors_start = .
 *(.dtors)
                0x00000054                __dtors_end = .
 SORT(*)(.ctors)
 SORT(*)(.dtors)
 *(.init0)
 .init0         0x00000054        0x0 c:/winavr-20080512/bin/../lib/gcc/avr/4.3.0/../../../../avr/lib/avr5/crtm32.o
                0x00000054                __init
 *(.init0)
 *(.init1)
 *(.init1)
 *(.init2)
 .init2         0x00000054        0xc c:/winavr-20080512/bin/../lib/gcc/avr/4.3.0/../../../../avr/lib/avr5/crtm32.o
 *(.init2)
 *(.init3)
 *(.init3)
 *(.init4)
 .init4         0x00000060       0x16 c:/winavr-20080512/bin/../lib/gcc/avr/4.3.0/avr5\libgcc.a(_copy_data.o)
                0x00000060                __do_copy_data
 .init4         0x00000076       0x10 c:/winavr-20080512/bin/../lib/gcc/avr/4.3.0/avr5\libgcc.a(_clear_bss.o)
                0x00000076                __do_clear_bss
 *(.init4)
 *(.init5)
 *(.init5)
 *(.init6)
 *(.init6)
 *(.init7)
 *(.init7)
 *(.init8)
 *(.init8)
 *(.init9)
 .init9         0x00000086        0x8 c:/winavr-20080512/bin/../lib/gcc/avr/4.3.0/../../../../avr/lib/avr5/crtm32.o
 *(.init9)
 *(.text)
 .text          0x0000008e        0x4 c:/winavr-20080512/bin/../lib/gcc/avr/4.3.0/../../../../avr/lib/avr5/crtm32.o
                0x0000008e                __bad_interrupt
                0x0000008e                __vector_6
                0x0000008e                __vector_17
                0x0000008e                __vector_19
                0x0000008e                __vector_7
                0x0000008e                __vector_4
                0x0000008e                __vector_8
                0x0000008e                __vector_10
                0x0000008e                __vector_16
                0x0000008e                __vector_18
                0x0000008e                __vector_20
 .text          0x00000092      0x2be obj\Debug\APP\StateMachine\StateMachine.o
                0x0000029a                WaitForTimeInit
                0x000000ae                Timer_CBK_OverflowCount
                0x00000092                ExInt_CBK_StartTimer
                0x000002c2                SpeedChange
                0x0000010a                StateMachine_init
                0x0000027c                WaitForSpeedInit
 .text          0x00000350       0xd4 obj\Debug\commons\SoftwareDelay\softwareDelay.o
                0x00000350                SwDelay_ms
                0x000003cc                SwDelay_us
 .text          0x00000424      0x178 obj\Debug\ECUAL\PUSH_BUTTON\BTN.o
                0x00000488                BTN_GetStatus
                0x00000424                BTN_Init
 .text          0x0000059c        0x0 obj\Debug\fuse.o
 .text          0x0000059c       0x70 obj\Debug\main.o
                0x0000059c                main
 .text          0x0000060c      0x48e obj\Debug\MCAL\DIO\DIO.o
                0x000009e4                DIO_Toggle
                0x000008c6                DIO_Read
                0x0000060c                DIO_init
                0x00000792                DIO_Write
 .text          0x00000a9a      0x932 obj\Debug\MCAL\External interrupt\ExternalInterrupt.o
                0x00001252                __vector_1
                0x0000134e                __vector_3
                0x00000e04                ExternInt_SetEvent
                0x00000d56                ExternInt_Enable
                0x00001060                ExternInt_GetStatus
                0x000012d0                __vector_2
                0x000011aa                ExternInt_Disable
                0x00000a9a                ExternInt_Init
 .text          0x000013cc      0x7ee obj\Debug\MCAL\SPI\SPI.o
                0x00001b60                __vector_12
                0x00001a08                SPI_SendByte
                0x00001a94                SPI_ReceiveByte
                0x00001af4                SPI_GetStatus
                0x000013cc                SPI_Init
 .text          0x00001bba      0x988 obj\Debug\MCAL\Timers\Timer.o
                0x00002354                Timer_GetValue
                0x000020a0                Timer_Start
                0x00002410                __vector_11
                0x00001bba                Timer_Init
                0x000024dc                __vector_5
                0x00002476                __vector_9
                0x00002190                Timer_Stop
                0x0000223e                Timer_GetStatus
 .text          0x00002542      0x554 obj\Debug\MCAL\UART\UART.o
                0x00002674                UART_Init
                0x00002a10                UART_SendByte
                0x000025a8                __vector_13
                0x00002a44                UART_ReceiveByte
                0x00002542                __vector_15
                0x0000260e                __vector_14
 .text          0x00002a96        0x0 c:/winavr-20080512/bin/../lib/gcc/avr/4.3.0/avr5\libgcc.a(_mulsi3.o)
 .text          0x00002a96        0x0 c:/winavr-20080512/bin/../lib/gcc/avr/4.3.0/avr5\libgcc.a(_divmodhi4.o)
 .text          0x00002a96        0x0 c:/winavr-20080512/bin/../lib/gcc/avr/4.3.0/avr5\libgcc.a(_udivmodsi4.o)
 .text          0x00002a96        0x0 c:/winavr-20080512/bin/../lib/gcc/avr/4.3.0/avr5\libgcc.a(_exit.o)
 .text          0x00002a96        0x0 c:/winavr-20080512/bin/../lib/gcc/avr/4.3.0/avr5\libgcc.a(_copy_data.o)
 .text          0x00002a96        0x0 c:/winavr-20080512/bin/../lib/gcc/avr/4.3.0/avr5\libgcc.a(_clear_bss.o)
 .text          0x00002a96        0x0 c:/winavr-20080512/bin/../lib/gcc/avr/4.3.0/avr5\libgcc.a(_udivmodhi4.o)
                0x00002a96                . = ALIGN (0x2)
 *(.text.*)
 .text.libgcc   0x00002a96       0x3e c:/winavr-20080512/bin/../lib/gcc/avr/4.3.0/avr5\libgcc.a(_mulsi3.o)
                0x00002a96                __mulsi3
 .text.libgcc   0x00002ad4       0x26 c:/winavr-20080512/bin/../lib/gcc/avr/4.3.0/avr5\libgcc.a(_divmodhi4.o)
                0x00002ad4                __divmodhi4
                0x00002ad4                _div
 .text.libgcc   0x00002afa       0x44 c:/winavr-20080512/bin/../lib/gcc/avr/4.3.0/avr5\libgcc.a(_udivmodsi4.o)
                0x00002afa                __udivmodsi4
 .text.libgcc   0x00002b3e        0x0 c:/winavr-20080512/bin/../lib/gcc/avr/4.3.0/avr5\libgcc.a(_exit.o)
 .text.libgcc   0x00002b3e        0x0 c:/winavr-20080512/bin/../lib/gcc/avr/4.3.0/avr5\libgcc.a(_copy_data.o)
 .text.libgcc   0x00002b3e        0x0 c:/winavr-20080512/bin/../lib/gcc/avr/4.3.0/avr5\libgcc.a(_clear_bss.o)
 .text.libgcc   0x00002b3e       0x28 c:/winavr-20080512/bin/../lib/gcc/avr/4.3.0/avr5\libgcc.a(_udivmodhi4.o)
                0x00002b3e                __udivmodhi4
                0x00002b66                . = ALIGN (0x2)
 *(.fini9)
 .fini9         0x00002b66        0x0 c:/winavr-20080512/bin/../lib/gcc/avr/4.3.0/avr5\libgcc.a(_exit.o)
                0x00002b66                exit
                0x00002b66                _exit
 *(.fini9)
 *(.fini8)
 *(.fini8)
 *(.fini7)
 *(.fini7)
 *(.fini6)
 *(.fini6)
 *(.fini5)
 *(.fini5)
 *(.fini4)
 *(.fini4)
 *(.fini3)
 *(.fini3)
 *(.fini2)
 *(.fini2)
 *(.fini1)
 *(.fini1)
 *(.fini0)
 .fini0         0x00002b66        0x4 c:/winavr-20080512/bin/../lib/gcc/avr/4.3.0/avr5\libgcc.a(_exit.o)
 *(.fini0)
                0x00002b6a                _etext = .

.data           0x00800060       0x36 load address 0x00002b6a
                0x00800060                PROVIDE (__data_start, .)
 *(.data)
 .data          0x00800060        0x0 c:/winavr-20080512/bin/../lib/gcc/avr/4.3.0/../../../../avr/lib/avr5/crtm32.o
 .data          0x00800060       0x1e obj\Debug\APP\StateMachine\StateMachine.o
                0x00800060                FetchingTime
 .data          0x0080007e        0x0 obj\Debug\commons\SoftwareDelay\softwareDelay.o
 .data          0x0080007e        0x0 obj\Debug\ECUAL\PUSH_BUTTON\BTN.o
 .data          0x0080007e        0x0 obj\Debug\fuse.o
 .data          0x0080007e        0x0 obj\Debug\main.o
 .data          0x0080007e        0x0 obj\Debug\MCAL\DIO\DIO.o
 .data          0x0080007e        0x0 obj\Debug\MCAL\External interrupt\ExternalInterrupt.o
 .data          0x0080007e       0x18 obj\Debug\MCAL\SPI\SPI.o
 .data          0x00800096        0x0 obj\Debug\MCAL\Timers\Timer.o
 .data          0x00800096        0x0 obj\Debug\MCAL\UART\UART.o
 .data          0x00800096        0x0 c:/winavr-20080512/bin/../lib/gcc/avr/4.3.0/avr5\libgcc.a(_mulsi3.o)
 .data          0x00800096        0x0 c:/winavr-20080512/bin/../lib/gcc/avr/4.3.0/avr5\libgcc.a(_divmodhi4.o)
 .data          0x00800096        0x0 c:/winavr-20080512/bin/../lib/gcc/avr/4.3.0/avr5\libgcc.a(_udivmodsi4.o)
 .data          0x00800096        0x0 c:/winavr-20080512/bin/../lib/gcc/avr/4.3.0/avr5\libgcc.a(_exit.o)
 .data          0x00800096        0x0 c:/winavr-20080512/bin/../lib/gcc/avr/4.3.0/avr5\libgcc.a(_copy_data.o)
 .data          0x00800096        0x0 c:/winavr-20080512/bin/../lib/gcc/avr/4.3.0/avr5\libgcc.a(_clear_bss.o)
 .data          0x00800096        0x0 c:/winavr-20080512/bin/../lib/gcc/avr/4.3.0/avr5\libgcc.a(_udivmodhi4.o)
 *(.data*)
 *(.rodata)
 *(.rodata*)
 *(.gnu.linkonce.d*)
                0x00800096                . = ALIGN (0x2)
                0x00800096                _edata = .
                0x00800096                PROVIDE (__data_end, .)

.bss            0x00800096       0x28 load address 0x00002ba0
                0x00800096                PROVIDE (__bss_start, .)
 *(.bss)
 .bss           0x00800096        0x0 c:/winavr-20080512/bin/../lib/gcc/avr/4.3.0/../../../../avr/lib/avr5/crtm32.o
 .bss           0x00800096        0x5 obj\Debug\APP\StateMachine\StateMachine.o
                0x0080009a                gb_TimeInitiated
                0x00800098                gb_SpeedInitiated
                0x00800099                gu8_Time
                0x00800096                gu8_Speed
                0x00800097                gb_FetchReceived
 .bss           0x0080009b        0x0 obj\Debug\commons\SoftwareDelay\softwareDelay.o
 .bss           0x0080009b        0x2 obj\Debug\ECUAL\PUSH_BUTTON\BTN.o
 .bss           0x0080009d        0x0 obj\Debug\fuse.o
 .bss           0x0080009d        0x0 obj\Debug\main.o
 .bss           0x0080009d        0x0 obj\Debug\MCAL\DIO\DIO.o
 .bss           0x0080009d        0xc obj\Debug\MCAL\External interrupt\ExternalInterrupt.o
 .bss           0x008000a9        0x3 obj\Debug\MCAL\SPI\SPI.o
                0x008000a9                CBK_SPI_Interrupt
                0x008000ab                SPI_InitializationCheck
 .bss           0x008000ac        0xc obj\Debug\MCAL\Timers\Timer.o
                0x008000ac                CBK_TimerFuncPtr
 .bss           0x008000b8        0x6 obj\Debug\MCAL\UART\UART.o
                0x008000b8                gaptr_uartInterrupt_CBF
 .bss           0x008000be        0x0 c:/winavr-20080512/bin/../lib/gcc/avr/4.3.0/avr5\libgcc.a(_mulsi3.o)
 .bss           0x008000be        0x0 c:/winavr-20080512/bin/../lib/gcc/avr/4.3.0/avr5\libgcc.a(_divmodhi4.o)
 .bss           0x008000be        0x0 c:/winavr-20080512/bin/../lib/gcc/avr/4.3.0/avr5\libgcc.a(_udivmodsi4.o)
 .bss           0x008000be        0x0 c:/winavr-20080512/bin/../lib/gcc/avr/4.3.0/avr5\libgcc.a(_exit.o)
 .bss           0x008000be        0x0 c:/winavr-20080512/bin/../lib/gcc/avr/4.3.0/avr5\libgcc.a(_copy_data.o)
 .bss           0x008000be        0x0 c:/winavr-20080512/bin/../lib/gcc/avr/4.3.0/avr5\libgcc.a(_clear_bss.o)
 .bss           0x008000be        0x0 c:/winavr-20080512/bin/../lib/gcc/avr/4.3.0/avr5\libgcc.a(_udivmodhi4.o)
 *(.bss*)
 *(COMMON)
                0x008000be                PROVIDE (__bss_end, .)
                0x00002b6a                __data_load_start = LOADADDR (.data)
                0x00002ba0                __data_load_end = (__data_load_start + SIZEOF (.data))

.noinit         0x008000be        0x0
                0x008000be                PROVIDE (__noinit_start, .)
 *(.noinit*)
                0x008000be                PROVIDE (__noinit_end, .)
                0x008000be                _end = .
                0x008000be                PROVIDE (__heap_start, .)

.eeprom         0x00810000        0x0
 *(.eeprom*)
                0x00810000                __eeprom_end = .

.fuse           0x00820000        0x2
 *(.fuse)
 .fuse          0x00820000        0x2 obj\Debug\fuse.o
                0x00820000                __fuse
 *(.lfuse)
 *(.hfuse)
 *(.efuse)

.lock
 *(.lock*)

.signature
 *(.signature*)

.stab
 *(.stab)

.stabstr
 *(.stabstr)

.stab.excl
 *(.stab.excl)

.stab.exclstr
 *(.stab.exclstr)

.stab.index
 *(.stab.index)

.stab.indexstr
 *(.stab.indexstr)

.comment
 *(.comment)

.debug
 *(.debug)

.line
 *(.line)

.debug_srcinfo
 *(.debug_srcinfo)

.debug_sfnames
 *(.debug_sfnames)

.debug_aranges  0x00000000      0x120
 *(.debug_aranges)
 .debug_aranges
                0x00000000       0x20 obj\Debug\APP\StateMachine\StateMachine.o
 .debug_aranges
                0x00000020       0x20 obj\Debug\commons\SoftwareDelay\softwareDelay.o
 .debug_aranges
                0x00000040       0x20 obj\Debug\ECUAL\PUSH_BUTTON\BTN.o
 .debug_aranges
                0x00000060       0x20 obj\Debug\main.o
 .debug_aranges
                0x00000080       0x20 obj\Debug\MCAL\DIO\DIO.o
 .debug_aranges
                0x000000a0       0x20 obj\Debug\MCAL\External interrupt\ExternalInterrupt.o
 .debug_aranges
                0x000000c0       0x20 obj\Debug\MCAL\SPI\SPI.o
 .debug_aranges
                0x000000e0       0x20 obj\Debug\MCAL\Timers\Timer.o
 .debug_aranges
                0x00000100       0x20 obj\Debug\MCAL\UART\UART.o

.debug_pubnames
                0x00000000      0x465
 *(.debug_pubnames)
 .debug_pubnames
                0x00000000      0x102 obj\Debug\APP\StateMachine\StateMachine.o
 .debug_pubnames
                0x00000102       0x30 obj\Debug\commons\SoftwareDelay\softwareDelay.o
 .debug_pubnames
                0x00000132       0x31 obj\Debug\ECUAL\PUSH_BUTTON\BTN.o
 .debug_pubnames
                0x00000163       0x1d obj\Debug\fuse.o
 .debug_pubnames
                0x00000180       0x1b obj\Debug\main.o
 .debug_pubnames
                0x0000019b       0x49 obj\Debug\MCAL\DIO\DIO.o
 .debug_pubnames
                0x000001e4       0xac obj\Debug\MCAL\External interrupt\ExternalInterrupt.o
 .debug_pubnames
                0x00000290       0x98 obj\Debug\MCAL\SPI\SPI.o
 .debug_pubnames
                0x00000328       0xaa obj\Debug\MCAL\Timers\Timer.o
 .debug_pubnames
                0x000003d2       0x93 obj\Debug\MCAL\UART\UART.o

.debug_info     0x00000000     0x14ae
 *(.debug_info)
 .debug_info    0x00000000      0x38e obj\Debug\APP\StateMachine\StateMachine.o
 .debug_info    0x0000038e       0xc2 obj\Debug\commons\SoftwareDelay\softwareDelay.o
 .debug_info    0x00000450      0x191 obj\Debug\ECUAL\PUSH_BUTTON\BTN.o
 .debug_info    0x000005e1       0xa0 obj\Debug\fuse.o
 .debug_info    0x00000681       0x7d obj\Debug\main.o
 .debug_info    0x000006fe      0x1ac obj\Debug\MCAL\DIO\DIO.o
 .debug_info    0x000008aa      0x301 obj\Debug\MCAL\External interrupt\ExternalInterrupt.o
 .debug_info    0x00000bab      0x2ce obj\Debug\MCAL\SPI\SPI.o
 .debug_info    0x00000e79      0x3b6 obj\Debug\MCAL\Timers\Timer.o
 .debug_info    0x0000122f      0x27f obj\Debug\MCAL\UART\UART.o
 *(.gnu.linkonce.wi.*)

.debug_abbrev   0x00000000      0x7d4
 *(.debug_abbrev)
 .debug_abbrev  0x00000000       0xcb obj\Debug\APP\StateMachine\StateMachine.o
 .debug_abbrev  0x000000cb       0x81 obj\Debug\commons\SoftwareDelay\softwareDelay.o
 .debug_abbrev  0x0000014c       0xbf obj\Debug\ECUAL\PUSH_BUTTON\BTN.o
 .debug_abbrev  0x0000020b       0x73 obj\Debug\fuse.o
 .debug_abbrev  0x0000027e       0x41 obj\Debug\main.o
 .debug_abbrev  0x000002bf       0xac obj\Debug\MCAL\DIO\DIO.o
 .debug_abbrev  0x0000036b      0x11f obj\Debug\MCAL\External interrupt\ExternalInterrupt.o
 .debug_abbrev  0x0000048a      0x10a obj\Debug\MCAL\SPI\SPI.o
 .debug_abbrev  0x00000594      0x11f obj\Debug\MCAL\Timers\Timer.o
 .debug_abbrev  0x000006b3      0x121 obj\Debug\MCAL\UART\UART.o

.debug_line     0x00000000     0x1b2c
 *(.debug_line)
 .debug_line    0x00000000      0x2ef obj\Debug\APP\StateMachine\StateMachine.o
 .debug_line    0x000002ef       0xb1 obj\Debug\commons\SoftwareDelay\softwareDelay.o
 .debug_line    0x000003a0      0x15f obj\Debug\ECUAL\PUSH_BUTTON\BTN.o
 .debug_line    0x000004ff       0x86 obj\Debug\fuse.o
 .debug_line    0x00000585       0xbb obj\Debug\main.o
 .debug_line    0x00000640      0x2ce obj\Debug\MCAL\DIO\DIO.o
 .debug_line    0x0000090e      0x602 obj\Debug\MCAL\External interrupt\ExternalInterrupt.o
 .debug_line    0x00000f10      0x380 obj\Debug\MCAL\SPI\SPI.o
 .debug_line    0x00001290      0x580 obj\Debug\MCAL\Timers\Timer.o
 .debug_line    0x00001810      0x31c obj\Debug\MCAL\UART\UART.o

.debug_frame    0x00000000      0x330
 *(.debug_frame)
 .debug_frame   0x00000000       0x70 obj\Debug\APP\StateMachine\StateMachine.o
 .debug_frame   0x00000070       0x30 obj\Debug\commons\SoftwareDelay\softwareDelay.o
 .debug_frame   0x000000a0       0x30 obj\Debug\ECUAL\PUSH_BUTTON\BTN.o
 .debug_frame   0x000000d0       0x20 obj\Debug\main.o
 .debug_frame   0x000000f0       0x50 obj\Debug\MCAL\DIO\DIO.o
 .debug_frame   0x00000140       0x90 obj\Debug\MCAL\External interrupt\ExternalInterrupt.o
 .debug_frame   0x000001d0       0x60 obj\Debug\MCAL\SPI\SPI.o
 .debug_frame   0x00000230       0x90 obj\Debug\MCAL\Timers\Timer.o
 .debug_frame   0x000002c0       0x70 obj\Debug\MCAL\UART\UART.o

.debug_str      0x00000000      0xa74
 *(.debug_str)
 .debug_str     0x00000000      0x343 obj\Debug\APP\StateMachine\StateMachine.o
                                0x382 (size before relaxing)
 .debug_str     0x00000343       0x3c obj\Debug\commons\SoftwareDelay\softwareDelay.o
                                0x10d (size before relaxing)
 .debug_str     0x0000037f       0xb5 obj\Debug\ECUAL\PUSH_BUTTON\BTN.o
                                0x18a (size before relaxing)
 .debug_str     0x00000434       0x1c obj\Debug\fuse.o
                                 0xe0 (size before relaxing)
 .debug_str     0x00000450        0xc obj\Debug\main.o
                                 0xd6 (size before relaxing)
 .debug_str     0x0000045c       0x4a obj\Debug\MCAL\DIO\DIO.o
                                0x12e (size before relaxing)
 .debug_str     0x000004a6      0x12a obj\Debug\MCAL\External interrupt\ExternalInterrupt.o
                                0x254 (size before relaxing)
 .debug_str     0x000005d0       0xea obj\Debug\MCAL\SPI\SPI.o
                                0x22b (size before relaxing)
 .debug_str     0x000006ba      0x305 obj\Debug\MCAL\Timers\Timer.o
                                0x43b (size before relaxing)
 .debug_str     0x000009bf       0xb5 obj\Debug\MCAL\UART\UART.o
                                0x254 (size before relaxing)

.debug_loc
 *(.debug_loc)

.debug_macinfo
 *(.debug_macinfo)
OUTPUT(bin\Debug\StateEstimator_ECU.elf elf32-avr)
LOAD linker stubs

Cross Reference Table

Symbol                                            File
BTN_GetStatus                                     obj\Debug\ECUAL\PUSH_BUTTON\BTN.o
                                                  obj\Debug\APP\StateMachine\StateMachine.o
BTN_Init                                          obj\Debug\ECUAL\PUSH_BUTTON\BTN.o
                                                  obj\Debug\APP\StateMachine\StateMachine.o
CBK_SPI_Interrupt                                 obj\Debug\MCAL\SPI\SPI.o
CBK_TimerFuncPtr                                  obj\Debug\MCAL\Timers\Timer.o
DIO_Read                                          obj\Debug\MCAL\DIO\DIO.o
                                                  obj\Debug\ECUAL\PUSH_BUTTON\BTN.o
DIO_Toggle                                        obj\Debug\MCAL\DIO\DIO.o
DIO_Write                                         obj\Debug\MCAL\DIO\DIO.o
                                                  obj\Debug\MCAL\SPI\SPI.o
DIO_init                                          obj\Debug\MCAL\DIO\DIO.o
                                                  obj\Debug\MCAL\UART\UART.o
                                                  obj\Debug\MCAL\SPI\SPI.o
                                                  obj\Debug\MCAL\External interrupt\ExternalInterrupt.o
                                                  obj\Debug\ECUAL\PUSH_BUTTON\BTN.o
ExInt_CBK_StartTimer                              obj\Debug\APP\StateMachine\StateMachine.o
ExternInt_Disable                                 obj\Debug\MCAL\External interrupt\ExternalInterrupt.o
ExternInt_Enable                                  obj\Debug\MCAL\External interrupt\ExternalInterrupt.o
                                                  obj\Debug\APP\StateMachine\StateMachine.o
ExternInt_GetStatus                               obj\Debug\MCAL\External interrupt\ExternalInterrupt.o
ExternInt_Init                                    obj\Debug\MCAL\External interrupt\ExternalInterrupt.o
                                                  obj\Debug\APP\StateMachine\StateMachine.o
ExternInt_SetEvent                                obj\Debug\MCAL\External interrupt\ExternalInterrupt.o
FetchingTime                                      obj\Debug\APP\StateMachine\StateMachine.o
SPI_GetStatus                                     obj\Debug\MCAL\SPI\SPI.o
SPI_Init                                          obj\Debug\MCAL\SPI\SPI.o
                                                  obj\Debug\APP\StateMachine\StateMachine.o
SPI_InitializationCheck                           obj\Debug\MCAL\SPI\SPI.o
SPI_ReceiveByte                                   obj\Debug\MCAL\SPI\SPI.o
SPI_SendByte                                      obj\Debug\MCAL\SPI\SPI.o
                                                  obj\Debug\APP\StateMachine\StateMachine.o
SpeedChange                                       obj\Debug\APP\StateMachine\StateMachine.o
                                                  obj\Debug\main.o
StateMachine_init                                 obj\Debug\APP\StateMachine\StateMachine.o
                                                  obj\Debug\main.o
SwDelay_ms                                        obj\Debug\commons\SoftwareDelay\softwareDelay.o
                                                  obj\Debug\APP\StateMachine\StateMachine.o
SwDelay_us                                        obj\Debug\commons\SoftwareDelay\softwareDelay.o
Timer_CBK_OverflowCount                           obj\Debug\APP\StateMachine\StateMachine.o
Timer_GetStatus                                   obj\Debug\MCAL\Timers\Timer.o
Timer_GetValue                                    obj\Debug\MCAL\Timers\Timer.o
Timer_Init                                        obj\Debug\MCAL\Timers\Timer.o
                                                  obj\Debug\APP\StateMachine\StateMachine.o
Timer_Start                                       obj\Debug\MCAL\Timers\Timer.o
                                                  obj\Debug\APP\StateMachine\StateMachine.o
Timer_Stop                                        obj\Debug\MCAL\Timers\Timer.o
UART_Init                                         obj\Debug\MCAL\UART\UART.o
                                                  obj\Debug\APP\StateMachine\StateMachine.o
UART_ReceiveByte                                  obj\Debug\MCAL\UART\UART.o
                                                  obj\Debug\APP\StateMachine\StateMachine.o
UART_SendByte                                     obj\Debug\MCAL\UART\UART.o
                                                  obj\Debug\main.o
                                                  obj\Debug\APP\StateMachine\StateMachine.o
WaitForSpeedInit                                  obj\Debug\APP\StateMachine\StateMachine.o
                                                  obj\Debug\main.o
WaitForTimeInit                                   obj\Debug\APP\StateMachine\StateMachine.o
                                                  obj\Debug\main.o
__bad_interrupt                                   c:/winavr-20080512/bin/../lib/gcc/avr/4.3.0/../../../../avr/lib/avr5/crtm32.o
__bss_end                                         c:/winavr-20080512/bin/../lib/gcc/avr/4.3.0/avr5\libgcc.a(_clear_bss.o)
__bss_start                                       c:/winavr-20080512/bin/../lib/gcc/avr/4.3.0/avr5\libgcc.a(_clear_bss.o)
__data_end                                        c:/winavr-20080512/bin/../lib/gcc/avr/4.3.0/avr5\libgcc.a(_copy_data.o)
__data_load_start                                 c:/winavr-20080512/bin/../lib/gcc/avr/4.3.0/avr5\libgcc.a(_copy_data.o)
__data_start                                      c:/winavr-20080512/bin/../lib/gcc/avr/4.3.0/avr5\libgcc.a(_copy_data.o)
__divmodhi4                                       c:/winavr-20080512/bin/../lib/gcc/avr/4.3.0/avr5\libgcc.a(_divmodhi4.o)
                                                  obj\Debug\MCAL\DIO\DIO.o
__do_clear_bss                                    c:/winavr-20080512/bin/../lib/gcc/avr/4.3.0/avr5\libgcc.a(_clear_bss.o)
                                                  obj\Debug\MCAL\UART\UART.o
                                                  obj\Debug\MCAL\Timers\Timer.o
                                                  obj\Debug\MCAL\SPI\SPI.o
                                                  obj\Debug\MCAL\External interrupt\ExternalInterrupt.o
                                                  obj\Debug\MCAL\DIO\DIO.o
                                                  obj\Debug\main.o
                                                  obj\Debug\fuse.o
                                                  obj\Debug\ECUAL\PUSH_BUTTON\BTN.o
                                                  obj\Debug\commons\SoftwareDelay\softwareDelay.o
                                                  obj\Debug\APP\StateMachine\StateMachine.o
__do_copy_data                                    c:/winavr-20080512/bin/../lib/gcc/avr/4.3.0/avr5\libgcc.a(_copy_data.o)
                                                  obj\Debug\MCAL\UART\UART.o
                                                  obj\Debug\MCAL\Timers\Timer.o
                                                  obj\Debug\MCAL\SPI\SPI.o
                                                  obj\Debug\MCAL\External interrupt\ExternalInterrupt.o
                                                  obj\Debug\MCAL\DIO\DIO.o
                                                  obj\Debug\main.o
                                                  obj\Debug\fuse.o
                                                  obj\Debug\ECUAL\PUSH_BUTTON\BTN.o
                                                  obj\Debug\commons\SoftwareDelay\softwareDelay.o
                                                  obj\Debug\APP\StateMachine\StateMachine.o
__fuse                                            obj\Debug\fuse.o
__heap_end                                        c:/winavr-20080512/bin/../lib/gcc/avr/4.3.0/../../../../avr/lib/avr5/crtm32.o
__init                                            c:/winavr-20080512/bin/../lib/gcc/avr/4.3.0/../../../../avr/lib/avr5/crtm32.o
__mulsi3                                          c:/winavr-20080512/bin/../lib/gcc/avr/4.3.0/avr5\libgcc.a(_mulsi3.o)
                                                  obj\Debug\MCAL\UART\UART.o
                                                  obj\Debug\commons\SoftwareDelay\softwareDelay.o
__stack                                           c:/winavr-20080512/bin/../lib/gcc/avr/4.3.0/../../../../avr/lib/avr5/crtm32.o
__udivmodhi4                                      c:/winavr-20080512/bin/../lib/gcc/avr/4.3.0/avr5\libgcc.a(_udivmodhi4.o)
                                                  c:/winavr-20080512/bin/../lib/gcc/avr/4.3.0/avr5\libgcc.a(_divmodhi4.o)
__udivmodsi4                                      c:/winavr-20080512/bin/../lib/gcc/avr/4.3.0/avr5\libgcc.a(_udivmodsi4.o)
                                                  obj\Debug\MCAL\UART\UART.o
__vector_1                                        obj\Debug\MCAL\External interrupt\ExternalInterrupt.o
                                                  c:/winavr-20080512/bin/../lib/gcc/avr/4.3.0/../../../../avr/lib/avr5/crtm32.o
__vector_10                                       c:/winavr-20080512/bin/../lib/gcc/avr/4.3.0/../../../../avr/lib/avr5/crtm32.o
__vector_11                                       obj\Debug\MCAL\Timers\Timer.o
                                                  c:/winavr-20080512/bin/../lib/gcc/avr/4.3.0/../../../../avr/lib/avr5/crtm32.o
__vector_12                                       obj\Debug\MCAL\SPI\SPI.o
                                                  c:/winavr-20080512/bin/../lib/gcc/avr/4.3.0/../../../../avr/lib/avr5/crtm32.o
__vector_13                                       obj\Debug\MCAL\UART\UART.o
                                                  c:/winavr-20080512/bin/../lib/gcc/avr/4.3.0/../../../../avr/lib/avr5/crtm32.o
__vector_14                                       obj\Debug\MCAL\UART\UART.o
                                                  c:/winavr-20080512/bin/../lib/gcc/avr/4.3.0/../../../../avr/lib/avr5/crtm32.o
__vector_15                                       obj\Debug\MCAL\UART\UART.o
                                                  c:/winavr-20080512/bin/../lib/gcc/avr/4.3.0/../../../../avr/lib/avr5/crtm32.o
__vector_16                                       c:/winavr-20080512/bin/../lib/gcc/avr/4.3.0/../../../../avr/lib/avr5/crtm32.o
__vector_17                                       c:/winavr-20080512/bin/../lib/gcc/avr/4.3.0/../../../../avr/lib/avr5/crtm32.o
__vector_18                                       c:/winavr-20080512/bin/../lib/gcc/avr/4.3.0/../../../../avr/lib/avr5/crtm32.o
__vector_19                                       c:/winavr-20080512/bin/../lib/gcc/avr/4.3.0/../../../../avr/lib/avr5/crtm32.o
__vector_2                                        obj\Debug\MCAL\External interrupt\ExternalInterrupt.o
                                                  c:/winavr-20080512/bin/../lib/gcc/avr/4.3.0/../../../../avr/lib/avr5/crtm32.o
__vector_20                                       c:/winavr-20080512/bin/../lib/gcc/avr/4.3.0/../../../../avr/lib/avr5/crtm32.o
__vector_3                                        obj\Debug\MCAL\External interrupt\ExternalInterrupt.o
                                                  c:/winavr-20080512/bin/../lib/gcc/avr/4.3.0/../../../../avr/lib/avr5/crtm32.o
__vector_4                                        c:/winavr-20080512/bin/../lib/gcc/avr/4.3.0/../../../../avr/lib/avr5/crtm32.o
__vector_5                                        obj\Debug\MCAL\Timers\Timer.o
                                                  c:/winavr-20080512/bin/../lib/gcc/avr/4.3.0/../../../../avr/lib/avr5/crtm32.o
__vector_6                                        c:/winavr-20080512/bin/../lib/gcc/avr/4.3.0/../../../../avr/lib/avr5/crtm32.o
__vector_7                                        c:/winavr-20080512/bin/../lib/gcc/avr/4.3.0/../../../../avr/lib/avr5/crtm32.o
__vector_8                                        c:/winavr-20080512/bin/../lib/gcc/avr/4.3.0/../../../../avr/lib/avr5/crtm32.o
__vector_9                                        obj\Debug\MCAL\Timers\Timer.o
                                                  c:/winavr-20080512/bin/../lib/gcc/avr/4.3.0/../../../../avr/lib/avr5/crtm32.o
__vector_default                                  c:/winavr-20080512/bin/../lib/gcc/avr/4.3.0/../../../../avr/lib/avr5/crtm32.o
__vectors                                         c:/winavr-20080512/bin/../lib/gcc/avr/4.3.0/../../../../avr/lib/avr5/crtm32.o
_div                                              c:/winavr-20080512/bin/../lib/gcc/avr/4.3.0/avr5\libgcc.a(_divmodhi4.o)
_exit                                             c:/winavr-20080512/bin/../lib/gcc/avr/4.3.0/avr5\libgcc.a(_exit.o)
exit                                              c:/winavr-20080512/bin/../lib/gcc/avr/4.3.0/avr5\libgcc.a(_exit.o)
                                                  c:/winavr-20080512/bin/../lib/gcc/avr/4.3.0/../../../../avr/lib/avr5/crtm32.o
gaptr_uartInterrupt_CBF                           obj\Debug\MCAL\UART\UART.o
gb_FetchReceived                                  obj\Debug\APP\StateMachine\StateMachine.o
gb_SpeedInitiated                                 obj\Debug\APP\StateMachine\StateMachine.o
gb_TimeInitiated                                  obj\Debug\APP\StateMachine\StateMachine.o
gu8_Speed                                         obj\Debug\APP\StateMachine\StateMachine.o
gu8_Time                                          obj\Debug\APP\StateMachine\StateMachine.o
main                                              obj\Debug\main.o
                                                  c:/winavr-20080512/bin/../lib/gcc/avr/4.3.0/../../../../avr/lib/avr5/crtm32.o
